Device: cuda | Audio ProtoPNet — MERT backbone, 5 prototypes/class
  Loading embeddings from: pmemo_mert_all_layers.pt
/home/arvin/thesis/mert/MERT/ssl_scripts/phaseB/data_utils.py:22: FutureWarning: You are using `torch.load` with `weights_only=False` (the current default value), which uses the default pickle module implicitly. It is possible to construct malicious pickle data which will execute arbitrary code during unpickling (See https://github.com/pytorch/pytorch/blob/main/SECURITY.md#untrusted-models for more details). In a future release, the default value for `weights_only` will be flipped to `True`. This limits the functions that could be executed during unpickling. Arbitrary objects will no longer be allowed to be loaded via this mode unless they are explicitly allowlisted by the user via `torch.serialization.add_safe_globals`. We recommend you start setting `weights_only=True` for any use case where you don't have full control of the loaded file. Please open an issue on GitHub for any issues related to this experimental feature.
  data = torch.load(feature_path, map_location="cpu")
  Loading labels from: /datasets/emotions/PMEmo2019/annotations/static_annotations.csv
  Detected 'Dictionary-of-Tensors' format. Matching IDs...
  ✅ Successfully matched 767 samples.
  767 songs | quadrant counts: [469, 67, 64, 167] (HVHA/HVLA/LVHA/LVLA)
  fold 1: raw acc=0.6688  balanced acc=0.4662
  fold 2: raw acc=0.7597  balanced acc=0.5706
  fold 3: raw acc=0.7255  balanced acc=0.5583
  fold 4: raw acc=0.7386  balanced acc=0.5495
  fold 5: raw acc=0.7451  balanced acc=0.5788

============================================================
  AUDIO PROTOPNET — 5-FOLD AVERAGE
============================================================
  Raw accuracy      : 0.7275 ± 0.0314
  Balanced accuracy : 0.5447 ± 0.0405

  Per-quadrant recall:
    HVHA (Happy)   402/469 = 0.857
    HVLA (Calm)    24/67 = 0.358
    LVHA (Angry)   17/64 = 0.266
    LVLA (Sad)     115/167 = 0.689

  Confusion matrix (rows=true, cols=pred; 0=HVHA 1=HVLA 2=LVHA 3=LVLA):
    402    15    24    28
     14    24     2    27
     26     2    17    19
     18    23    11   115

  ========================================================
  COMPARISON (raw accuracy)
  ========================================================
    Majority baseline (always-HVHA) : 0.611
    Post-hoc 4-centroid (single)    : 0.462
    Post-hoc 4-centroid (dual)      : 0.506
    Audio ProtoPNet (this run)      : 0.728  (balanced 0.545)

    → ProtoPNet BEATS the post-hoc centroid; BEATS the majority baseline (raw acc).
    → On BALANCED accuracy (fair under 61% imbalance), ProtoPNet = 0.545 vs majority-baseline balanced = 0.250.
